<html>
<body>
<pre>
<h1>µVision Build Log</h1>
<h2>Tool Versions:</h2>
IDE-Version: ¦ÌVision V5.14.2
Copyright (C) 2015 ARM Ltd and ARM Germany GmbH. All rights reserved.
License Information: Cortex-M4, chenzhi, LIC=FYKYW-QW56W-Z9HG9-4JM8R-7JGC4-3F6SN
 
Tool Versions:
Toolchain:       MDK-ARM Standard  Version: 5.20
Toolchain Path:  D:\Keil\ARM\ARMCC\Bin
C Compiler:      Armcc.exe V5.06 update 2 (build 183)
Assembler:       Armasm.exe V5.06 update 2 (build 183)
Linker/Locator:  ArmLink.exe V5.06 update 2 (build 183)
Library Manager: ArmAr.exe V5.06 update 2 (build 183)
Hex Converter:   FromElf.exe V5.06 update 2 (build 183)
CPU DLL:         SARMCM3.DLL V5.20
Dialog DLL:      DCM.DLL V1.13.7.0
Target DLL:      STLink\ST-LINKIII-KEIL_SWO.dll V2.0.18.0
Dialog DLL:      TCM.DLL V1.14.9.0
 
<h2>Project:</h2>
C:\Users\chenz\Desktop\DJI_A\Project\standard.uvprojx
Project File Date:  03/04/2025

<h2>Output:</h2>
*** Using Compiler 'V5.06 update 2 (build 183)', folder: 'D:\Keil\ARM\ARMCC\Bin'
Rebuild target 'standard'
assembling startup_stm32f427xx.s...
compiling stm32f4xx_it.c...
compiling system_stm32f4xx.c...
compiling misc.c...
compiling stm32f4xx_adc.c...
compiling stm32f4xx_can.c...
compiling stm32f4xx_cec.c...
compiling stm32f4xx_crc.c...
compiling stm32f4xx_cryp.c...
compiling stm32f4xx_cryp_aes.c...
compiling stm32f4xx_cryp_des.c...
compiling stm32f4xx_cryp_tdes.c...
compiling stm32f4xx_dac.c...
compiling stm32f4xx_dbgmcu.c...
compiling stm32f4xx_dcmi.c...
compiling stm32f4xx_dfsdm.c...
compiling stm32f4xx_dma.c...
compiling stm32f4xx_dma2d.c...
compiling stm32f4xx_dsi.c...
compiling stm32f4xx_exti.c...
compiling stm32f4xx_flash.c...
compiling stm32f4xx_flash_ramfunc.c...
compiling stm32f4xx_fmc.c...
compiling stm32f4xx_fmpi2c.c...
compiling stm32f4xx_gpio.c...
compiling stm32f4xx_hash.c...
compiling stm32f4xx_hash_md5.c...
compiling stm32f4xx_hash_sha1.c...
compiling stm32f4xx_i2c.c...
compiling stm32f4xx_iwdg.c...
compiling stm32f4xx_lptim.c...
compiling stm32f4xx_ltdc.c...
compiling stm32f4xx_pwr.c...
compiling stm32f4xx_qspi.c...
compiling stm32f4xx_rcc.c...
compiling stm32f4xx_rng.c...
compiling stm32f4xx_rtc.c...
compiling stm32f4xx_sai.c...
compiling stm32f4xx_sdio.c...
compiling stm32f4xx_spdifrx.c...
compiling stm32f4xx_spi.c...
compiling stm32f4xx_syscfg.c...
compiling stm32f4xx_tim.c...
compiling stm32f4xx_usart.c...
compiling stm32f4xx_wwdg.c...
compiling croutine.c...
compiling event_groups.c...
compiling list.c...
compiling queue.c...
compiling tasks.c...
compiling timers.c...
compiling heap_4.c...
compiling port.c...
compiling FreeRTOS_middleware.c...
compiling AHRS_middleware.c...
compiling ist8310driver.c...
compiling ist8310driver_middleware.c...
compiling mpu6500driver.c...
compiling mpu6500driver_middleware.c...
compiling main.c...
compiling adc.c...
compiling buzzer.c...
compiling can.c...
compiling dac.c...
compiling delay.c...
compiling exit_init.c...
compiling flash.c...
compiling laser.c...
compiling led.c...
compiling power_ctrl.c...
compiling rc.c...
compiling rng.c...
compiling spi.c...
compiling sys.c...
compiling timer.c...
compiling user_lib.c...
compiling remote_control.c...
compiling func_lib.c...
compiling uart_vofa.c...
compiling icm20602.c...
compiling usart_judge.c...
compiling usart6_vision.c...
compiling mag_pwm.c...
compiling key_button.c...
compiling pid.c...
compiling can_rec.c...
compiling chassis_behaviour.c...
compiling gimbal_behaviour.c...
compiling function.c...
compiling shoot_behaviour.c...
compiling vision_behaviour.c...
compiling judge_behaviour.c...
compiling UI_behaviour.c...
compiling check_crc.c...
compiling start_task.c...
compiling user_task.c...
compiling rc_task.c...
compiling vofa_task.c...
compiling calibrate_task.c...
compiling INS_task.c...
compiling chassis_task.c...
compiling gimbal_task.c...
compiling shoot_task.c...
compiling icm20602_task.c...
compiling UI_Send_task.c...
linking...
Program Size: Code=21588 RO-data=1272 RW-data=592 ZI-data=135272  
FromELF: creating hex file...
".\Objects\standard.axf" - 0 Error(s), 0 Warning(s).

<h2>Software Packages used:</h2>

Package Vendor: ARM
                http://www.keil.com/pack/ARM.CMSIS.4.5.0.pack
                ARM::CMSIS:DSP:1.4.6
                CMSIS (Cortex Microcontroller Software Interface Standard)
   * Component: DSP Version: 1.4.6
   * Component: CORE Version: 4.3.0

<h2>Collection of Component include folders:</h2>
  C:\Users\chenz\Desktop\DJI_A\Project\RTE
  D:\Keil\ARM\PACK\ARM\CMSIS\4.5.0\CMSIS\Include
  D:\Keil\ARM\PACK\Keil\STM32F4xx_DFP\2.15.0\Drivers\CMSIS\Device\ST\STM32F4xx\Include

<h2>Collection of Component Files used:</h2>

   * Component: ARM::CMSIS:DSP:1.4.6
      Include file:  CMSIS\Include\arm_math.h
      Library file:  CMSIS\Lib\ARM\arm_cortexM4lf_math.lib

   * Component: ARM::CMSIS:CORE:4.3.0
</pre>
</body>
</html>
